#-----------------------------------------------------------
# Vivado v2025.1 (64-bit)
# SW Build 6140274 on Thu May 22 00:12:29 MDT 2025
# IP Build 6138677 on Thu May 22 03:10:11 MDT 2025
# SharedData Build 6139179 on Tue May 20 17:58:58 MDT 2025
# Start of session at: Wed Oct 29 12:42:07 2025
# Process ID         : 20184
# Current directory  : C:/Repositories/EGRE_426/Project_3
# Command line       : vivado.exe -gui_launcher_event rodinguilauncherevent16908 C:\Repositories\EGRE_426\Project_3\Project_3.xpr
# Log file           : C:/Repositories/EGRE_426/Project_3/vivado.log
# Journal file       : C:/Repositories/EGRE_426/Project_3\vivado.jou
# Running On         : DESKTOP-9FRSU92
# Platform           : Windows Server 2016 or Windows 10
# Operating System   : 26100
# Processor Detail   : 13th Gen Intel(R) Core(TM) i7-13620H
# CPU Frequency      : 2918 MHz
# CPU Physical cores : 10
# CPU Logical cores  : 16
# Host memory        : 16849 MB
# Swap memory        : 3221 MB
# Total Virtual      : 20070 MB
# Available Virtual  : 5596 MB
#-----------------------------------------------------------
start_gui
open_project C:/Repositories/EGRE_426/Project_3/Project_3.xpr
update_compile_order -fileset sources_1
set_property SOURCE_SET sources_1 [get_filesets sim_1]
close [ open C:/Repositories/EGRE_426/Project_3/Project_3.srcs/sim_1/new/DataMemoryTB.vhd w ]
add_files -fileset sim_1 C:/Repositories/EGRE_426/Project_3/Project_3.srcs/sim_1/new/DataMemoryTB.vhd
update_compile_order -fileset sim_1
# Disabling source management mode.  This is to allow the top design properties to be set without GUI intervention.
set_property source_mgmt_mode None [current_project]
set_property top DataMemory_tb [get_filesets sim_1]
set_property top_lib xil_defaultlib [get_filesets sim_1]
# Re-enabling previously disabled source management mode.
set_property source_mgmt_mode All [current_project]
update_compile_order -fileset sim_1
launch_simulation
source DataMemory_tb.tcl
restart
run 10 us
set_property SOURCE_SET sources_1 [get_filesets sim_1]
close [ open C:/Repositories/EGRE_426/Project_3/Project_3.srcs/sim_1/new/InstructionMemoryTB.vhd w ]
add_files -fileset sim_1 C:/Repositories/EGRE_426/Project_3/Project_3.srcs/sim_1/new/InstructionMemoryTB.vhd
update_compile_order -fileset sim_1
# Disabling source management mode.  This is to allow the top design properties to be set without GUI intervention.
set_property source_mgmt_mode None [current_project]
set_property top InstructionMemory_tb [get_filesets sim_1]
set_property top_lib xil_defaultlib [get_filesets sim_1]
# Re-enabling previously disabled source management mode.
set_property source_mgmt_mode All [current_project]
update_compile_order -fileset sim_1
launch_simulation
close_sim
launch_simulation
source InstructionMemory_tb.tcl
set_property SOURCE_SET sources_1 [get_filesets sim_1]
close [ open C:/Repositories/EGRE_426/Project_3/Project_3.srcs/sim_1/new/MUX_TB.vhd w ]
add_files -fileset sim_1 C:/Repositories/EGRE_426/Project_3/Project_3.srcs/sim_1/new/MUX_TB.vhd
update_compile_order -fileset sim_1
# Disabling source management mode.  This is to allow the top design properties to be set without GUI intervention.
set_property source_mgmt_mode None [current_project]
set_property top MUX2to1_tb [get_filesets sim_1]
set_property top_lib xil_defaultlib [get_filesets sim_1]
# Re-enabling previously disabled source management mode.
set_property source_mgmt_mode All [current_project]
update_compile_order -fileset sim_1
close_sim
launch_simulation
source MUX2to1_tb.tcl
set_property SOURCE_SET sources_1 [get_filesets sim_1]
close [ open C:/Repositories/EGRE_426/Project_3/Project_3.srcs/sim_1/new/PCAdder_TB.vhd w ]
add_files -fileset sim_1 C:/Repositories/EGRE_426/Project_3/Project_3.srcs/sim_1/new/PCAdder_TB.vhd
update_compile_order -fileset sim_1
close_sim
# Disabling source management mode.  This is to allow the top design properties to be set without GUI intervention.
set_property source_mgmt_mode None [current_project]
set_property top PCAdder_tb [get_filesets sim_1]
set_property top_lib xil_defaultlib [get_filesets sim_1]
# Re-enabling previously disabled source management mode.
set_property source_mgmt_mode All [current_project]
update_compile_order -fileset sim_1
launch_simulation
source PCAdder_tb.tcl
set_property SOURCE_SET sources_1 [get_filesets sim_1]
close [ open C:/Repositories/EGRE_426/Project_3/Project_3.srcs/sim_1/new/ProgramCounter_TB.vhd w ]
add_files -fileset sim_1 C:/Repositories/EGRE_426/Project_3/Project_3.srcs/sim_1/new/ProgramCounter_TB.vhd
update_compile_order -fileset sim_1
# Disabling source management mode.  This is to allow the top design properties to be set without GUI intervention.
set_property source_mgmt_mode None [current_project]
set_property top ProgramCounter_tb [get_filesets sim_1]
set_property top_lib xil_defaultlib [get_filesets sim_1]
# Re-enabling previously disabled source management mode.
set_property source_mgmt_mode All [current_project]
update_compile_order -fileset sim_1
close_sim
launch_simulation
source ProgramCounter_tb.tcl
restart
run 10 us
run 10 us
run 10 us
run 10 us
run 10 us
run 10 us
run 10 us
run 10 us
close_sim
launch_simulation
source ProgramCounter_tb.tcl
set_property SOURCE_SET sources_1 [get_filesets sim_1]
close [ open C:/Repositories/EGRE_426/Project_3/Project_3.srcs/sim_1/new/left_shift_tb.vhd w ]
add_files -fileset sim_1 C:/Repositories/EGRE_426/Project_3/Project_3.srcs/sim_1/new/left_shift_tb.vhd
update_compile_order -fileset sim_1
# Disabling source management mode.  This is to allow the top design properties to be set without GUI intervention.
set_property source_mgmt_mode None [current_project]
set_property top ShiftLeft2_tb [get_filesets sim_1]
set_property top_lib xil_defaultlib [get_filesets sim_1]
# Re-enabling previously disabled source management mode.
set_property source_mgmt_mode All [current_project]
update_compile_order -fileset sim_1
close_sim
launch_simulation
source ShiftLeft2_tb.tcl
set_property SOURCE_SET sources_1 [get_filesets sim_1]
close [ open C:/Repositories/EGRE_426/Project_3/Project_3.srcs/sim_1/new/SignExtend_TB.vhd w ]
add_files -fileset sim_1 C:/Repositories/EGRE_426/Project_3/Project_3.srcs/sim_1/new/SignExtend_TB.vhd
update_compile_order -fileset sim_1
# Disabling source management mode.  This is to allow the top design properties to be set without GUI intervention.
set_property source_mgmt_mode None [current_project]
set_property top SignExtend_tb [get_filesets sim_1]
set_property top_lib xil_defaultlib [get_filesets sim_1]
# Re-enabling previously disabled source management mode.
set_property source_mgmt_mode All [current_project]
update_compile_order -fileset sim_1
close_sim
launch_simulation
source SignExtend_tb.tcl
close_sim
