#-----------------------------------------------------------
# Vivado v2025.1 (64-bit)
# SW Build 6140274 on Thu May 22 00:12:29 MDT 2025
# IP Build 6138677 on Thu May 22 03:10:11 MDT 2025
# SharedData Build 6139179 on Tue May 20 17:58:58 MDT 2025
# Start of session at: Mon Oct 13 10:07:24 2025
# Process ID         : 32900
# Current directory  : C:/Repositories/EGRE_426/Project_3
# Command line       : vivado.exe -gui_launcher_event rodinguilauncherevent3808 C:\Repositories\EGRE_426\Project_3\Project_3.xpr
# Log file           : C:/Repositories/EGRE_426/Project_3/vivado.log
# Journal file       : C:/Repositories/EGRE_426/Project_3\vivado.jou
# Running On         : DESKTOP-9FRSU92
# Platform           : Windows Server 2016 or Windows 10
# Operating System   : 26100
# Processor Detail   : 13th Gen Intel(R) Core(TM) i7-13620H
# CPU Frequency      : 2918 MHz
# CPU Physical cores : 10
# CPU Logical cores  : 16
# Host memory        : 16849 MB
# Swap memory        : 2684 MB
# Total Virtual      : 19533 MB
# Available Virtual  : 7082 MB
#-----------------------------------------------------------
sstart_guiopen_project C:/Repositories/EGRE_426/Project_3/Project_3.xpr
uupdate_compile_order -fileset sources_1
# Disabling source management mode.  This is to allow the top design properties to be set without GUI intervention.
set_property source_mgmt_mode None [current_project]
set_property top top_level_sherif_tb [get_filesets sim_1]
set_property top_lib xil_defaultlib [get_filesets sim_1]
# Re-enabling previously disabled source management mode.
set_property source_mgmt_mode All [current_project]
update_compile_order -fileset sim_1
launch_simulation
source top_level_sherif_tb.tcl
close_sim
launch_simulation
source top_level_sherif_tb.tcl
relaunch_sim
close_sim
launch_simulation
source top_level_sherif_tb.tcl
close_sim
# Disabling source management mode.  This is to allow the top design properties to be set without GUI intervention.
set_property source_mgmt_mode None [current_project]
set_property top Registers_tb [get_filesets sim_1]
set_property top_lib xil_defaultlib [get_filesets sim_1]
# Re-enabling previously disabled source management mode.
set_property source_mgmt_mode All [current_project]
update_compile_order -fileset sim_1
launch_simulation
source Registers_tb.tcl
# Disabling source management mode.  This is to allow the top design properties to be set without GUI intervention.
set_property source_mgmt_mode None [current_project]
set_property top top_level_sherif_tb [get_filesets sim_1]
set_property top_lib xil_defaultlib [get_filesets sim_1]
# Re-enabling previously disabled source management mode.
set_property source_mgmt_mode All [current_project]
update_compile_order -fileset sim_1
close_sim
launch_simulation
source top_level_sherif_tb.tcl
close_sim
