#-----------------------------------------------------------
# Vivado v2025.1 (64-bit)
# SW Build 6140274 on Thu May 22 00:12:29 MDT 2025
# IP Build 6138677 on Thu May 22 03:10:11 MDT 2025
# SharedData Build 6139179 on Tue May 20 17:58:58 MDT 2025
# Start of session at: Wed Nov  5 15:30:16 2025
# Process ID         : 73548
# Current directory  : C:/Repositories/EGRE_426/Project_3
# Command line       : vivado.exe -gui_launcher_event rodinguilauncherevent72604 C:\Repositories\EGRE_426\Project_3\Project_3.xpr
# Log file           : C:/Repositories/EGRE_426/Project_3/vivado.log
# Journal file       : C:/Repositories/EGRE_426/Project_3\vivado.jou
# Running On         : DESKTOP-9FRSU92
# Platform           : Windows Server 2016 or Windows 10
# Operating System   : 26100
# Processor Detail   : 13th Gen Intel(R) Core(TM) i7-13620H
# CPU Frequency      : 2918 MHz
# CPU Physical cores : 10
# CPU Logical cores  : 16
# Host memory        : 16849 MB
# Swap memory        : 4179 MB
# Total Virtual      : 21028 MB
# Available Virtual  : 5376 MB
#-----------------------------------------------------------
start_gui
open_project C:/Repositories/EGRE_426/Project_3/Project_3.xpr
update_compile_order -fileset sim_1
update_compile_order -fileset sources_1
# Disabling source management mode.  This is to allow the top design properties to be set without GUI intervention.
set_property source_mgmt_mode None [current_project]
set_property top Top_Level [current_fileset]
# Re-enabling previously disabled source management mode.
set_property source_mgmt_mode All [current_project]
update_compile_order -fileset sources_1
update_compile_order -fileset sim_1
update_compile_order -fileset sim_1
set_property source_mgmt_mode DisplayOnly [current_project]
reorder_files -fileset sim_1 -after C:/Repositories/EGRE_426/Project_3/Project_3.srcs/sim_1/new/ControlUnit_TB.vhd C:/Repositories/EGRE_426/Project_3/Project_3.srcs/sim_1/new/ControlUnit_TB.vhd
launch_simulation
launch_simulation
launch_simulation
launch_simulation
launch_simulation
launch_simulation
launch_simulation
launch_simulation
source ControlUnit_TB.tcl
close_sim
